[1/11] Building CXX object CMakeFiles/Stacklands.dir/src/main.cpp.obj
FAILED: CMakeFiles/Stacklands.dir/src/main.cpp.obj 
C:\PROGRA~1\JETBRA~1\CLION2~1.3\bin\mingw\bin\G__~1.EXE -DGLEW_STATIC -DRESOURCE_DIR=\"D:/MyStuff/School/OOPL/Stacklands/Resources\" -DSPDLOG_COMPILED_LIB -ID:/MyStuff/School/OOPL/Stacklands/PTSD/include -ID:/MyStuff/School/OOPL/Stacklands/include -ID:/MyStuff/School/OOPL/Stacklands/cmake-build-debug/_deps/sdl2-build/include -ID:/MyStuff/School/OOPL/Stacklands/cmake-build-debug/_deps/sdl2-build/include-config-debug -ID:/MyStuff/School/OOPL/Stacklands/PTSD/lib/sdl2_image -ID:/MyStuff/School/OOPL/Stacklands/PTSD/lib/sdl2_ttf -ID:/MyStuff/School/OOPL/Stacklands/PTSD/lib/sdl2_mixer/include -isystem D:/MyStuff/School/OOPL/Stacklands/PTSD/lib/sdl2/include -isystem D:/MyStuff/School/OOPL/Stacklands/PTSD/lib/glew/include -isystem D:/MyStuff/School/OOPL/Stacklands/PTSD/lib/spdlog/include -isystem D:/MyStuff/School/OOPL/Stacklands/PTSD/lib/glm -isystem D:/MyStuff/School/OOPL/Stacklands/PTSD/lib/imgui -isystem D:/MyStuff/School/OOPL/Stacklands/PTSD/lib/imgui/backends -g -std=gnu++17 -fdiagnostics-color=always -Wall -Wextra -pedantic -MD -MT CMakeFiles/Stacklands.dir/src/main.cpp.obj -MF CMakeFiles\Stacklands.dir\src\main.cpp.obj.d -o CMakeFiles/Stacklands.dir/src/main.cpp.obj -c D:/MyStuff/School/OOPL/Stacklands/src/main.cpp
[2/11] Building CXX object CMakeFiles/Stacklands.dir/src/App.cpp.obj
FAILED: CMakeFiles/Stacklands.dir/src/App.cpp.obj 
C:\PROGRA~1\JETBRA~1\CLION2~1.3\bin\mingw\bin\G__~1.EXE -DGLEW_STATIC -DRESOURCE_DIR=\"D:/MyStuff/School/OOPL/Stacklands/Resources\" -DSPDLOG_COMPILED_LIB -ID:/MyStuff/School/OOPL/Stacklands/PTSD/include -ID:/MyStuff/School/OOPL/Stacklands/include -ID:/MyStuff/School/OOPL/Stacklands/cmake-build-debug/_deps/sdl2-build/include -ID:/MyStuff/School/OOPL/Stacklands/cmake-build-debug/_deps/sdl2-build/include-config-debug -ID:/MyStuff/School/OOPL/Stacklands/PTSD/lib/sdl2_image -ID:/MyStuff/School/OOPL/Stacklands/PTSD/lib/sdl2_ttf -ID:/MyStuff/School/OOPL/Stacklands/PTSD/lib/sdl2_mixer/include -isystem D:/MyStuff/School/OOPL/Stacklands/PTSD/lib/sdl2/include -isystem D:/MyStuff/School/OOPL/Stacklands/PTSD/lib/glew/include -isystem D:/MyStuff/School/OOPL/Stacklands/PTSD/lib/spdlog/include -isystem D:/MyStuff/School/OOPL/Stacklands/PTSD/lib/glm -isystem D:/MyStuff/School/OOPL/Stacklands/PTSD/lib/imgui -isystem D:/MyStuff/School/OOPL/Stacklands/PTSD/lib/imgui/backends -g -std=gnu++17 -fdiagnostics-color=always -Wall -Wextra -pedantic -MD -MT CMakeFiles/Stacklands.dir/src/App.cpp.obj -MF CMakeFiles\Stacklands.dir\src\App.cpp.obj.d -o CMakeFiles/Stacklands.dir/src/App.cpp.obj -c D:/MyStuff/School/OOPL/Stacklands/src/App.cpp
[3/11] Building CXX object CMakeFiles/Stacklands.dir/src/CombatCard.cpp.obj
FAILED: CMakeFiles/Stacklands.dir/src/CombatCard.cpp.obj 
C:\PROGRA~1\JETBRA~1\CLION2~1.3\bin\mingw\bin\G__~1.EXE -DGLEW_STATIC -DRESOURCE_DIR=\"D:/MyStuff/School/OOPL/Stacklands/Resources\" -DSPDLOG_COMPILED_LIB -ID:/MyStuff/School/OOPL/Stacklands/PTSD/include -ID:/MyStuff/School/OOPL/Stacklands/include -ID:/MyStuff/School/OOPL/Stacklands/cmake-build-debug/_deps/sdl2-build/include -ID:/MyStuff/School/OOPL/Stacklands/cmake-build-debug/_deps/sdl2-build/include-config-debug -ID:/MyStuff/School/OOPL/Stacklands/PTSD/lib/sdl2_image -ID:/MyStuff/School/OOPL/Stacklands/PTSD/lib/sdl2_ttf -ID:/MyStuff/School/OOPL/Stacklands/PTSD/lib/sdl2_mixer/include -isystem D:/MyStuff/School/OOPL/Stacklands/PTSD/lib/sdl2/include -isystem D:/MyStuff/School/OOPL/Stacklands/PTSD/lib/glew/include -isystem D:/MyStuff/School/OOPL/Stacklands/PTSD/lib/spdlog/include -isystem D:/MyStuff/School/OOPL/Stacklands/PTSD/lib/glm -isystem D:/MyStuff/School/OOPL/Stacklands/PTSD/lib/imgui -isystem D:/MyStuff/School/OOPL/Stacklands/PTSD/lib/imgui/backends -g -std=gnu++17 -fdiagnostics-color=always -Wall -Wextra -pedantic -MD -MT CMakeFiles/Stacklands.dir/src/CombatCard.cpp.obj -MF CMakeFiles\Stacklands.dir\src\CombatCard.cpp.obj.d -o CMakeFiles/Stacklands.dir/src/CombatCard.cpp.obj -c D:/MyStuff/School/OOPL/Stacklands/src/CombatCard.cpp
[4/11] Building CXX object CMakeFiles/Stacklands.dir/src/WanderingCard.cpp.obj
FAILED: CMakeFiles/Stacklands.dir/src/WanderingCard.cpp.obj 
C:\PROGRA~1\JETBRA~1\CLION2~1.3\bin\mingw\bin\G__~1.EXE -DGLEW_STATIC -DRESOURCE_DIR=\"D:/MyStuff/School/OOPL/Stacklands/Resources\" -DSPDLOG_COMPILED_LIB -ID:/MyStuff/School/OOPL/Stacklands/PTSD/include -ID:/MyStuff/School/OOPL/Stacklands/include -ID:/MyStuff/School/OOPL/Stacklands/cmake-build-debug/_deps/sdl2-build/include -ID:/MyStuff/School/OOPL/Stacklands/cmake-build-debug/_deps/sdl2-build/include-config-debug -ID:/MyStuff/School/OOPL/Stacklands/PTSD/lib/sdl2_image -ID:/MyStuff/School/OOPL/Stacklands/PTSD/lib/sdl2_ttf -ID:/MyStuff/School/OOPL/Stacklands/PTSD/lib/sdl2_mixer/include -isystem D:/MyStuff/School/OOPL/Stacklands/PTSD/lib/sdl2/include -isystem D:/MyStuff/School/OOPL/Stacklands/PTSD/lib/glew/include -isystem D:/MyStuff/School/OOPL/Stacklands/PTSD/lib/spdlog/include -isystem D:/MyStuff/School/OOPL/Stacklands/PTSD/lib/glm -isystem D:/MyStuff/School/OOPL/Stacklands/PTSD/lib/imgui -isystem D:/MyStuff/School/OOPL/Stacklands/PTSD/lib/imgui/backends -g -std=gnu++17 -fdiagnostics-color=always -Wall -Wextra -pedantic -MD -MT CMakeFiles/Stacklands.dir/src/WanderingCard.cpp.obj -MF CMakeFiles\Stacklands.dir\src\WanderingCard.cpp.obj.d -o CMakeFiles/Stacklands.dir/src/WanderingCard.cpp.obj -c D:/MyStuff/School/OOPL/Stacklands/src/WanderingCard.cpp
[5/11] Building CXX object CMakeFiles/Stacklands.dir/src/AnimalCard.cpp.obj
FAILED: CMakeFiles/Stacklands.dir/src/AnimalCard.cpp.obj 
C:\PROGRA~1\JETBRA~1\CLION2~1.3\bin\mingw\bin\G__~1.EXE -DGLEW_STATIC -DRESOURCE_DIR=\"D:/MyStuff/School/OOPL/Stacklands/Resources\" -DSPDLOG_COMPILED_LIB -ID:/MyStuff/School/OOPL/Stacklands/PTSD/include -ID:/MyStuff/School/OOPL/Stacklands/include -ID:/MyStuff/School/OOPL/Stacklands/cmake-build-debug/_deps/sdl2-build/include -ID:/MyStuff/School/OOPL/Stacklands/cmake-build-debug/_deps/sdl2-build/include-config-debug -ID:/MyStuff/School/OOPL/Stacklands/PTSD/lib/sdl2_image -ID:/MyStuff/School/OOPL/Stacklands/PTSD/lib/sdl2_ttf -ID:/MyStuff/School/OOPL/Stacklands/PTSD/lib/sdl2_mixer/include -isystem D:/MyStuff/School/OOPL/Stacklands/PTSD/lib/sdl2/include -isystem D:/MyStuff/School/OOPL/Stacklands/PTSD/lib/glew/include -isystem D:/MyStuff/School/OOPL/Stacklands/PTSD/lib/spdlog/include -isystem D:/MyStuff/School/OOPL/Stacklands/PTSD/lib/glm -isystem D:/MyStuff/School/OOPL/Stacklands/PTSD/lib/imgui -isystem D:/MyStuff/School/OOPL/Stacklands/PTSD/lib/imgui/backends -g -std=gnu++17 -fdiagnostics-color=always -Wall -Wextra -pedantic -MD -MT CMakeFiles/Stacklands.dir/src/AnimalCard.cpp.obj -MF CMakeFiles\Stacklands.dir\src\AnimalCard.cpp.obj.d -o CMakeFiles/Stacklands.dir/src/AnimalCard.cpp.obj -c D:/MyStuff/School/OOPL/Stacklands/src/AnimalCard.cpp
[6/11] Building CXX object CMakeFiles/Stacklands.dir/src/MonsterCard.cpp.obj
FAILED: CMakeFiles/Stacklands.dir/src/MonsterCard.cpp.obj 
C:\PROGRA~1\JETBRA~1\CLION2~1.3\bin\mingw\bin\G__~1.EXE -DGLEW_STATIC -DRESOURCE_DIR=\"D:/MyStuff/School/OOPL/Stacklands/Resources\" -DSPDLOG_COMPILED_LIB -ID:/MyStuff/School/OOPL/Stacklands/PTSD/include -ID:/MyStuff/School/OOPL/Stacklands/include -ID:/MyStuff/School/OOPL/Stacklands/cmake-build-debug/_deps/sdl2-build/include -ID:/MyStuff/School/OOPL/Stacklands/cmake-build-debug/_deps/sdl2-build/include-config-debug -ID:/MyStuff/School/OOPL/Stacklands/PTSD/lib/sdl2_image -ID:/MyStuff/School/OOPL/Stacklands/PTSD/lib/sdl2_ttf -ID:/MyStuff/School/OOPL/Stacklands/PTSD/lib/sdl2_mixer/include -isystem D:/MyStuff/School/OOPL/Stacklands/PTSD/lib/sdl2/include -isystem D:/MyStuff/School/OOPL/Stacklands/PTSD/lib/glew/include -isystem D:/MyStuff/School/OOPL/Stacklands/PTSD/lib/spdlog/include -isystem D:/MyStuff/School/OOPL/Stacklands/PTSD/lib/glm -isystem D:/MyStuff/School/OOPL/Stacklands/PTSD/lib/imgui -isystem D:/MyStuff/School/OOPL/Stacklands/PTSD/lib/imgui/backends -g -std=gnu++17 -fdiagnostics-color=always -Wall -Wextra -pedantic -MD -MT CMakeFiles/Stacklands.dir/src/MonsterCard.cpp.obj -MF CMakeFiles\Stacklands.dir\src\MonsterCard.cpp.obj.d -o CMakeFiles/Stacklands.dir/src/MonsterCard.cpp.obj -c D:/MyStuff/School/OOPL/Stacklands/src/MonsterCard.cpp
[7/11] Building CXX object CMakeFiles/Stacklands.dir/src/CardFactory.cpp.obj
FAILED: CMakeFiles/Stacklands.dir/src/CardFactory.cpp.obj 
C:\PROGRA~1\JETBRA~1\CLION2~1.3\bin\mingw\bin\G__~1.EXE -DGLEW_STATIC -DRESOURCE_DIR=\"D:/MyStuff/School/OOPL/Stacklands/Resources\" -DSPDLOG_COMPILED_LIB -ID:/MyStuff/School/OOPL/Stacklands/PTSD/include -ID:/MyStuff/School/OOPL/Stacklands/include -ID:/MyStuff/School/OOPL/Stacklands/cmake-build-debug/_deps/sdl2-build/include -ID:/MyStuff/School/OOPL/Stacklands/cmake-build-debug/_deps/sdl2-build/include-config-debug -ID:/MyStuff/School/OOPL/Stacklands/PTSD/lib/sdl2_image -ID:/MyStuff/School/OOPL/Stacklands/PTSD/lib/sdl2_ttf -ID:/MyStuff/School/OOPL/Stacklands/PTSD/lib/sdl2_mixer/include -isystem D:/MyStuff/School/OOPL/Stacklands/PTSD/lib/sdl2/include -isystem D:/MyStuff/School/OOPL/Stacklands/PTSD/lib/glew/include -isystem D:/MyStuff/School/OOPL/Stacklands/PTSD/lib/spdlog/include -isystem D:/MyStuff/School/OOPL/Stacklands/PTSD/lib/glm -isystem D:/MyStuff/School/OOPL/Stacklands/PTSD/lib/imgui -isystem D:/MyStuff/School/OOPL/Stacklands/PTSD/lib/imgui/backends -g -std=gnu++17 -fdiagnostics-color=always -Wall -Wextra -pedantic -MD -MT CMakeFiles/Stacklands.dir/src/CardFactory.cpp.obj -MF CMakeFiles\Stacklands.dir\src\CardFactory.cpp.obj.d -o CMakeFiles/Stacklands.dir/src/CardFactory.cpp.obj -c D:/MyStuff/School/OOPL/Stacklands/src/CardFactory.cpp
[8/11] Building CXX object CMakeFiles/Stacklands.dir/src/CardManager.cpp.obj
FAILED: CMakeFiles/Stacklands.dir/src/CardManager.cpp.obj 
C:\PROGRA~1\JETBRA~1\CLION2~1.3\bin\mingw\bin\G__~1.EXE -DGLEW_STATIC -DRESOURCE_DIR=\"D:/MyStuff/School/OOPL/Stacklands/Resources\" -DSPDLOG_COMPILED_LIB -ID:/MyStuff/School/OOPL/Stacklands/PTSD/include -ID:/MyStuff/School/OOPL/Stacklands/include -ID:/MyStuff/School/OOPL/Stacklands/cmake-build-debug/_deps/sdl2-build/include -ID:/MyStuff/School/OOPL/Stacklands/cmake-build-debug/_deps/sdl2-build/include-config-debug -ID:/MyStuff/School/OOPL/Stacklands/PTSD/lib/sdl2_image -ID:/MyStuff/School/OOPL/Stacklands/PTSD/lib/sdl2_ttf -ID:/MyStuff/School/OOPL/Stacklands/PTSD/lib/sdl2_mixer/include -isystem D:/MyStuff/School/OOPL/Stacklands/PTSD/lib/sdl2/include -isystem D:/MyStuff/School/OOPL/Stacklands/PTSD/lib/glew/include -isystem D:/MyStuff/School/OOPL/Stacklands/PTSD/lib/spdlog/include -isystem D:/MyStuff/School/OOPL/Stacklands/PTSD/lib/glm -isystem D:/MyStuff/School/OOPL/Stacklands/PTSD/lib/imgui -isystem D:/MyStuff/School/OOPL/Stacklands/PTSD/lib/imgui/backends -g -std=gnu++17 -fdiagnostics-color=always -Wall -Wextra -pedantic -MD -MT CMakeFiles/Stacklands.dir/src/CardManager.cpp.obj -MF CMakeFiles\Stacklands.dir\src\CardManager.cpp.obj.d -o CMakeFiles/Stacklands.dir/src/CardManager.cpp.obj -c D:/MyStuff/School/OOPL/Stacklands/src/CardManager.cpp
[9/11] Building CXX object CMakeFiles/Stacklands.dir/src/UIManager.cpp.obj
FAILED: CMakeFiles/Stacklands.dir/src/UIManager.cpp.obj 
C:\PROGRA~1\JETBRA~1\CLION2~1.3\bin\mingw\bin\G__~1.EXE -DGLEW_STATIC -DRESOURCE_DIR=\"D:/MyStuff/School/OOPL/Stacklands/Resources\" -DSPDLOG_COMPILED_LIB -ID:/MyStuff/School/OOPL/Stacklands/PTSD/include -ID:/MyStuff/School/OOPL/Stacklands/include -ID:/MyStuff/School/OOPL/Stacklands/cmake-build-debug/_deps/sdl2-build/include -ID:/MyStuff/School/OOPL/Stacklands/cmake-build-debug/_deps/sdl2-build/include-config-debug -ID:/MyStuff/School/OOPL/Stacklands/PTSD/lib/sdl2_image -ID:/MyStuff/School/OOPL/Stacklands/PTSD/lib/sdl2_ttf -ID:/MyStuff/School/OOPL/Stacklands/PTSD/lib/sdl2_mixer/include -isystem D:/MyStuff/School/OOPL/Stacklands/PTSD/lib/sdl2/include -isystem D:/MyStuff/School/OOPL/Stacklands/PTSD/lib/glew/include -isystem D:/MyStuff/School/OOPL/Stacklands/PTSD/lib/spdlog/include -isystem D:/MyStuff/School/OOPL/Stacklands/PTSD/lib/glm -isystem D:/MyStuff/School/OOPL/Stacklands/PTSD/lib/imgui -isystem D:/MyStuff/School/OOPL/Stacklands/PTSD/lib/imgui/backends -g -std=gnu++17 -fdiagnostics-color=always -Wall -Wextra -pedantic -MD -MT CMakeFiles/Stacklands.dir/src/UIManager.cpp.obj -MF CMakeFiles\Stacklands.dir\src\UIManager.cpp.obj.d -o CMakeFiles/Stacklands.dir/src/UIManager.cpp.obj -c D:/MyStuff/School/OOPL/Stacklands/src/UIManager.cpp
[10/11] Building CXX object CMakeFiles/Stacklands.dir/src/EventManager.cpp.obj
FAILED: CMakeFiles/Stacklands.dir/src/EventManager.cpp.obj 
C:\PROGRA~1\JETBRA~1\CLION2~1.3\bin\mingw\bin\G__~1.EXE -DGLEW_STATIC -DRESOURCE_DIR=\"D:/MyStuff/School/OOPL/Stacklands/Resources\" -DSPDLOG_COMPILED_LIB -ID:/MyStuff/School/OOPL/Stacklands/PTSD/include -ID:/MyStuff/School/OOPL/Stacklands/include -ID:/MyStuff/School/OOPL/Stacklands/cmake-build-debug/_deps/sdl2-build/include -ID:/MyStuff/School/OOPL/Stacklands/cmake-build-debug/_deps/sdl2-build/include-config-debug -ID:/MyStuff/School/OOPL/Stacklands/PTSD/lib/sdl2_image -ID:/MyStuff/School/OOPL/Stacklands/PTSD/lib/sdl2_ttf -ID:/MyStuff/School/OOPL/Stacklands/PTSD/lib/sdl2_mixer/include -isystem D:/MyStuff/School/OOPL/Stacklands/PTSD/lib/sdl2/include -isystem D:/MyStuff/School/OOPL/Stacklands/PTSD/lib/glew/include -isystem D:/MyStuff/School/OOPL/Stacklands/PTSD/lib/spdlog/include -isystem D:/MyStuff/School/OOPL/Stacklands/PTSD/lib/glm -isystem D:/MyStuff/School/OOPL/Stacklands/PTSD/lib/imgui -isystem D:/MyStuff/School/OOPL/Stacklands/PTSD/lib/imgui/backends -g -std=gnu++17 -fdiagnostics-color=always -Wall -Wextra -pedantic -MD -MT CMakeFiles/Stacklands.dir/src/EventManager.cpp.obj -MF CMakeFiles\Stacklands.dir\src\EventManager.cpp.obj.d -o CMakeFiles/Stacklands.dir/src/EventManager.cpp.obj -c D:/MyStuff/School/OOPL/Stacklands/src/EventManager.cpp
ninja: build stopped: subcommand failed.
